40
oooooooooooooooooooooooooooooooooooooooo
oxxxxxxxxxxxxxxxxxxxxxxxxxxxxxxxxxxxxxxo
oxooooooooooooooooooooooooooooooxoooooxo
oxooooooooooooooooooooooooooooooxoooooxo
oxooooooooooooooooooooooooooooooxoooooxo
oxxxxxxxxxxxxxxxxxooooooooooooooxoooooxo
oooooooxoooxooooooooooooooooooooxoooooxo
oooooooxoooxooooooooooooooooxxxxxxxxxxxo
oooooooxoooxoooooooooxxxxxxxxoxooooooooo
oooooooxoooxoooooooooxooooooooxooooooooo
ooooxxxxxxxxxxxxxxxxxxooooooooxooooooooo
ooooxooooooooooooooooxooooooooxooooooooo
ooooxooooooooooooooooxooooooooxooooooooo
ooooxooooooooooooooooxooooooooxooooooooo
ooooxooooooooooooooooxooooooooxooooooooo
ooooxoooooooxxxxxxxxxxxxxxxxxxxxxxxxoooo
ooooxoooooooooooooxooooooooooxoooooxoooo
ooooxoooooooooooooxooooooooooxoooooxoooo
ooooxoooooooooooooxooooooooooxoooooxoooo
oxxxxxxxxxxxxxxxxxxxxooooooooxoooooxoooo
ooooooooxoooooooooooxooooooooxoooooxoooo
ooooooooxoooooooooooxooooooooxoooooxoooo
ooooooooxoooooooxxxxxxxxxxxxxxxxxxxxxooo
ooooooooxoooooooxoooooooooooooooooooxooo
ooooooooxoooooooxoooooooooooooooooooxooo
ooooooooxoooooooxoooooooooooooooooooxooo
oxxxxxxxxxxxxxxxxoooooooooooooooooooxooo
oxoooooooooxooooxxxxxxxxxxxxxxxxxxxxxooo
oxoooooooooxooooooooxoooooooooooxooooooo
oxoooooooooxooooooooxoooooooooooxooooooo
oxoooooooooxooooooooxoooooooooooxooooooo
oxoooooooooxooooooooxoooooooooooxooooooo
oxxxxxxxxxxxxxxxxxxxxxxxxxxxxxxxxxoooooo
ooooooooooxooooooooooooxoooooooooxoooooo
ooooooooooxooooooooooooxoooooooooxoooooo
ooooooxxxxxooooooooooooxoooooooooxoooooo
ooooooxoooxooooooooooooxoooooooooxoooooo
ooooooxoooxooooooooooooxoooooooooxoooooo
ooxxxxxxxxxxxxxxxxxxxxxxxxxxxxxxxxoooooo
oooooooooooooooooooooooooooooooooooooooo
